../Core/Src/main.c:78:5:main	40	static,ignoring_inline_asm
../Core/Src/main.c:139:6:SystemClock_Config	88	static
../Core/Src/main.c:186:13:MX_I2C1_Init	8	static
../Core/Src/main.c:220:13:MX_I2S2_Init	8	static
../Core/Src/main.c:254:13:MX_SPI1_Init	8	static
../Core/Src/main.c:292:13:MX_GPIO_Init	56	static
../Core/Src/main.c:398:13:task1_handler	16	static
../Core/Src/main.c:405:13:task2_handler	16	static
../Core/Src/main.c:422:6:HAL_TIM_PeriodElapsedCallback	16	static
../Core/Src/main.c:439:6:Error_Handler	4	static,ignoring_inline_asm
